Maintenance with possible short-time disconnections: 29 June 2026 18:00–20:00 CEST
STARTING DISCOVERY LOOP: 66 regions planned.
INFO: Query finished. [astroquery.utils.tap.core]
--- REPORT ---
Iteration: 1
Sky Region: RA=260.05, Dec=57.91, Radius=0.5
Stars Processed: 6097
Overdensities Detected: 2
Rejected: 0
Remaining Candidates: 2
Confidence Scores: 0.80, 0.76
Next Planned Action: Scan region 2
--------------
INFO: Query finished. [astroquery.utils.tap.core]
--- REPORT ---
Iteration: 2
Sky Region: RA=158.07, Dec=51.92, Radius=0.5
Stars Processed: 1755
Overdensities Detected: 2
Rejected: 2
Remaining Candidates: 0
Confidence Scores: N/A
Next Planned Action: Scan region 3
--------------
INFO: Query finished. [astroquery.utils.tap.core]
--- REPORT ---
Iteration: 3
Sky Region: RA=153.26, Dec=-0.26, Radius=0.5
Stars Processed: 2250
Overdensities Detected: 2
Rejected: 2
Remaining Candidates: 0
Confidence Scores: N/A
Next Planned Action: Scan region 4
--------------
INFO: Query finished. [astroquery.utils.tap.core]
--- REPORT ---
Iteration: 4
Sky Region: RA=34.75, Dec=-54.05, Radius=0.5
Stars Processed: 2369
Overdensities Detected: 3
Rejected: 3
Remaining Candidates: 0
Confidence Scores: N/A
Next Planned Action: Scan region 5
--------------
INFO: Query finished. [astroquery.utils.tap.core]
--- REPORT ---
Iteration: 5
Sky Region: RA=227.28, Dec=67.22, Radius=0.5
Stars Processed: 4381
Overdensities Detected: 0
Rejected: 0
Remaining Candidates: 0
Confidence Scores: N/A
Next Planned Action: Scan region 6
--------------
INFO: Query finished. [astroquery.utils.tap.core]
--- REPORT ---
Iteration: 6
Sky Region: RA=210.03, Dec=14.50, Radius=0.5
Stars Processed: 2321
Overdensities Detected: 0
Rejected: 0
Remaining Candidates: 0
Confidence Scores: N/A
Next Planned Action: Scan region 7
--------------
INFO: Query finished. [astroquery.utils.tap.core]
--- REPORT ---
Iteration: 7
Sky Region: RA=132.87, Dec=45.40, Radius=0.5
Stars Processed: 2347
Overdensities Detected: 3
Rejected: 3
Remaining Candidates: 0
Confidence Scores: N/A
Next Planned Action: Scan region 8
--------------
INFO: Query finished. [astroquery.utils.tap.core]
--- REPORT ---
Iteration: 8
Sky Region: RA=0.00, Dec=-62.22, Radius=0.5
Stars Processed: 3398
Overdensities Detected: 2
Rejected: 2
Remaining Candidates: 0
Confidence Scores: N/A
Next Planned Action: Scan region 9
--------------
INFO: Query finished. [astroquery.utils.tap.core]
--- REPORT ---
Iteration: 9
Sky Region: RA=0.00, Dec=-44.44, Radius=0.5
Stars Processed: 2187
Overdensities Detected: 2
Rejected: 2
Remaining Candidates: 0
Confidence Scores: N/A
Next Planned Action: Scan region 10
--------------
